org.junit.platform.suite.api@${version} jar:file:.+/junit-platform-suite-api-\d.+\.jar..module-info\.class
exports org.junit.platform.suite.api
requires java.base mandated
requires org.apiguardian.api static transitive
requires org.jspecify static transitive
requires org.junit.platform.commons transitive
