org.junit.jupiter@${version} jar:file:.+/junit-jupiter-\d.+\.jar..module-info\.class
requires java.base mandated
requires org.junit.jupiter.api transitive
requires org.junit.jupiter.engine transitive
requires org.junit.jupiter.params transitive
